MPI starting on 1 processors at Tue Jan 29 15:59:50 2013
Processor Names = Watson
RunDirectory is /home/hohejd8/SpEC/AppKillSpin/Tests
Compiled at Watson:/home/hohejd8/SpEC
Code Revision a74c5e629474ee1320f04c29605b64fcb979cc61 (InitialCommit-20769-ga74c5e6)
Linked on Tue Jan 29 15:57:32 EST 2013
Executed ApplyObservers: /home/hohejd8/SpEC/Support/ApplyObservers/Executables/ApplyObservers -UseTimes=0 ApplyObservers.input

symmetry axis guess : 0 0
Starting the gsl 1D root finder at thetap = 0.0.
Converged
f0 = -7.32237e-17 fp = -0.000152458 fm = 0.000152458
Starting the gsl multidimensional root finder.
iter = 1 x = -7.4381458e-05 0.060409297  14720.444 f(x) = -1.9260079e-05 -0.00014391311 0.00016023279
iter = 2 x = -0.00071255878  3.0609595  14575.684 f(x) = 0.0028331547 0.00013175542 -0.00030669019
iter = 3 x = -0.00056987667  1.6512319  14665.244 f(x) = -0.00010491936 -0.0013983687 0.00050644912
iter = 4 x = -0.00010268683  1.7633777  14665.194 f(x) = -0.00022824109 7.0168045e-06 7.317525e-05
iter = 5 x = -0.00013386318  2.2028768  14664.998 f(x) = -1.3747768e-05 1.158862e-05 4.6915387e-08
iter = 6 x = -0.00013968091   2.227875  14664.987 f(x) = 1.2639202e-05 2.8219558e-06 -5.0113606e-06
iter = 7 x = -0.00013918643  2.2150817  14664.993 f(x) = 5.4897055e-06 1.1124708e-06 -2.1377154e-06
iter = 8 x = -0.00013874232  2.2052977  14664.997 f(x) = -1.2731036e-07 -1.9755591e-08 4.7395663e-08
iter = 9 x = -0.00013875429  2.2055182  14664.997 f(x) = 4.1007961e-09 7.661591e-10 -1.574698e-09
iter = 10 x = -0.00013875396  2.2055113  14664.997 f(x) = 9.2688967e-11 1.8892984e-11 -3.6176429e-11
iter = 11 x = -0.00013875395  2.2055112  14664.997 f(x) = 1.1863318e-12 2.4269245e-13 -4.6367524e-13
Solution found with : THETA[0] = -0.00013875395
                     thetap[0] = 126.36648
                       phip[0] = 2.4223411
AKVInnerProduct w/o Ricci
L2 Norm of Divergence = 5.60708728776e-15
L2 Norm of Vorticity = 6.21648308767e-14
Integral S_{ij}S^{ij} dA 0.00414727615651
L2 Norm of f_L= 1.41690562291e-07
L2 Norm of f_lam= 0.000365098565385
L2 Norm of xi*Grad(L) = 2.2517881143e-05
Scale factor:       RMS deviation:
AKVInnerProduct w/o Ricci
AKVInnerProduct w/o Ricci
AKVsolver.cpp (line 642; OptimizeScaleFactor)temporary edit to get optimization working
Equator 
1.00746337803259 1.1777686821384e-05
IP1 
0.280285744701771 0.941567296431385
IP2 
0.867422404071999 0.0585999306540836
IP3 
0.752421627086047 0.123023675789321
1.00748754063518 7.8947977864986e-06

symmetry axis guess : 90 177.577658906719
Starting the gsl multidimensional root finder.
iter = 1 x = 4.4977548e-09  3.0488197  4.1876759 f(x) = -0.00027426717 0.00014434918 -0.00012989638
iter = 2 x = -2.8742391e-09  2.3924698  4.1627843 f(x) = -2.121573e-05 5.876266e-05 3.7529182e-05
iter = 3 x = 5.3432333e-09  2.2381161  3.8742657 f(x) = 5.0074591e-05 -3.7582242e-05 1.2525553e-05
iter = 4 x = -2.9232359e-09  2.3463878  3.9504875 f(x) = 4.146571e-06 3.0125913e-06 7.1408583e-06
iter = 5 x = 2.57911e-09  2.3550727  3.9316965 f(x) = 4.6969321e-07 7.6521647e-07 1.2510618e-06
iter = 6 x = -4.2495931e-09  2.3561935  3.9269783 f(x) = 1.3731391e-08 3.7556617e-09 -9.12696e-09
iter = 7 x = -4.198349e-10  2.3562069  3.9270121 f(x) = -4.0163946e-09 7.8805347e-09 1.2348319e-09
iter = 8 x = 1.155946e-09  2.3562021  3.9270075 f(x) = -6.8900211e-09 3.3849998e-09 3.7343457e-09
iter = 9 x = 3.4324619e-10  2.3561942  3.9269708 f(x) = -9.4334697e-10 -4.8965994e-09 -3.6902913e-09
iter = 10 x = 1.6689652e-10  2.3561943  3.9269811 f(x) = -4.5856104e-10 -2.3807757e-09 -1.7941102e-09
iter = 11 x = 1.1316734e-14  2.3561945  3.9269908 f(x) = -5.1831624e-14 -1.5798103e-13 -1.3859952e-13
Solution found with : THETA[1] = 1.1316734e-14
                     thetap[1] = 135
                       phip[1] = -135
AKVInnerProduct w/o Ricci
AKVInnerProduct w/o Ricci
L2 Norm of Divergence = 4.83765378331e-15
L2 Norm of Vorticity = 4.89417371705e-14
Integral S_{ij}S^{ij} dA 5.11873911547e-15
L2 Norm of f_L= 3.43370570672e-26
L2 Norm of f_lam= 8.85953442402e-23
L2 Norm of xi*Grad(L) = 2.81692824792e-23
Scale factor:       RMS deviation:
AKVInnerProduct w/o Ricci
AKVInnerProduct w/o Ricci
AKVsolver.cpp (line 642; OptimizeScaleFactor)temporary edit to get optimization working
Equator 
0.985013309388326 1.88271112558085e-14
IP1 
0.271976181736582 0.951433951285422
IP2 
0.854467534208397 0.0554452860620101
IP3 
0.730114767016177 0.126699118363069
0.985013309388308 1.88271112558085e-14

symmetry axis guess : 112.65887603331 110.325293167937
Starting the gsl multidimensional root finder.
iter = 1 x = -0.00013875395  1.9662553  1.9255278 f(x) = -7.3687859e-09 -3.6842146e-09 3.6886014e-09
iter = 2 x = -0.00013875395  1.9662624  1.9255473 f(x) = 1.0791426e-13 5.3244242e-14 -7.8237303e-14
Solution found with : THETA[2] = -0.00013875395
                     thetap[2] = 112.65854
                       phip[2] = 110.32573
AKVInnerProduct w/o Ricci
AKVInnerProduct w/o Ricci
AKVInnerProduct w/o Ricci
<v_0|v_0> = 29.889427
-THETA_0 <v_0|v_0> = 0.0041472762
<v_1|v_1> = 30.802625
<v_0|v_1> = 6.0515557e-08
-THETA_1 <v_1|v_1> = 0.004273986
<v_2|v_2> = 29.889427
<v_0|v_2> = -0.00027738692
<v_1|v_2> = 2.1060893e-08
-THETA_2 <v_2|v_2> = 0.0041472762
L2 Norm of Divergence = 7.85404996265e-15
L2 Norm of Vorticity = 6.38446256073e-14
Integral S_{ij}S^{ij} dA 0.00414727615652
L2 Norm of f_L= 1.41690562291e-07
L2 Norm of f_lam= 0.000365098565385
L2 Norm of xi*Grad(L) = 2.2517881143e-05
Scale factor:       RMS deviation:
AKVInnerProduct w/o Ricci
AKVInnerProduct w/o Ricci
AKVsolver.cpp (line 642; OptimizeScaleFactor)temporary edit to get optimization working
Equator 
1.00746337803263 1.17776868417316e-05
IP1 
0.280285744701771 0.941567296431387
IP2 
0.867422404072 0.0585999306541147
IP3 
0.752421627086047 0.123023675789319
1.00748754063522 7.89479778456573e-06



