OFF-AXIS AXISYMMETRY
Psi coefficients:
(:): 3.62039, 0, 0, 0, 0, 0, 0, 0, 0, 0, 0, 0, 0, 0, 0, 1.51173e-16, 0, 0, 0, 0, 0, 0, 0, 0, 0, 0, 0, 0, 0.0252982, 0.0438178, -1.86673e-16, 0, 0, 0, 0, 0, 0, 0, 0, 0, 0, 0, 0, 3.01372e-17, 2.41513e-17, 7.62483e-17, 0, 0, 0, 0, 0, 0, 0, 0, 0, 0, -6.04551e-16, 2.54921e-17, -8.04651e-17, -2.53126e-17, 3.98473e-17, 0, 0, 0, 0, 0, 0, 0, 0, 0, 0, 9.32836e-18, -1.99284e-17, 2.48089e-17, -2.09648e-17, 1.51128e-17, 0, 0, 0, 0, 0, 0, 0, 0, -8.52129e-16, -1.52318e-17, -4.85991e-17, 7.06146e-18, 2.06471e-17, -1.51542e-18, 3.2443e-18, 0, 0, 0, 0, 0, 0, 0, 0, -7.23777e-18, -4.10475e-18, 3.88135e-17, 5.90452e-18, 7.97322e-18, -5.59788e-18, -1.00217e-17, 0, 0, 0, 0, 0, 0, 9.13603e-16, 1.0723e-17, -8.17915e-18, 8.96652e-18, 3.62213e-17, -1.40017e-17, 2.41657e-17, 2.12904e-17, 1.41442e-17, 0, 0, 0, 0, 0, 0, 3.2405e-17, 1.16233e-17, 2.04053e-17, -1.2594e-19, -2.08678e-17, 1.98833e-17, -2.71298e-17, -4.17491e-18, -5.21145e-17, 0, 0, 0, 0, -1.00939e-15, -7.10025e-19, -2.67397e-17, 1.28139e-17, 2.89564e-17, 2.25606e-17, -3.19693e-18, 2.03554e-17, 5.26207e-17, 4.55493e-18, 4.06868e-17, 0, 0, 0, 0, -1.53807e-18, -6.98299e-18, 5.0765e-18, 1.43718e-17, 1.56875e-17, 3.42634e-18, -2.04335e-18, 1.86485e-18, -2.81776e-17, -7.52802e-18, 3.34265e-17, 0, 0, 7.99857e-16, 3.15541e-18, -1.22221e-17, 1.77279e-17, 1.58873e-17, -7.05129e-19, 8.50276e-18, -1.67434e-17, 3.33583e-17, 1.24553e-18, 3.89271e-17, -1.17175e-17, -3.96598e-17, 0, 0, 4.06329e-18, 5.75838e-18, 3.23688e-18, 1.82477e-17, -1.73991e-17, -3.25805e-17, 2.24279e-17, 2.48841e-17, -1.19511e-17, -3.87664e-18, 2.10858e-17, -2.83541e-18, 1.78211e-17, 0, 0, 0, 0, 0, 0, 0, 0, 0, 0, 0, 0, 0, 0, 0, -4.80153e-17, 0, 0, 0, 0, 0, 0, 0, 0, 0, 0, 0, 0, 0, -0.0438178, -0.0309839, 0, 0, 0, 0, 0, 0, 0, 0, 0, 0, 0, 0, -6.47767e-19, -1.05519e-17, -1.13128e-16, 0, 0, 0, 0, 0, 0, 0, 0, 0, 0, 0, -1.54175e-17, 6.51961e-17, -2.43271e-17, -7.76567e-17, 0, 0, 0, 0, 0, 0, 0, 0, 0, 0, 3.48319e-19, 1.48183e-17, -7.0539e-17, -8.30819e-18, 7.9506e-17, 0, 0, 0, 0, 0, 0, 0, 0, 0, -3.45907e-18, 3.24846e-17, -1.1424e-18, -6.0367e-17, -1.32835e-17, -7.60299e-18, 0, 0, 0, 0, 0, 0, 0, 0, -1.42649e-18, -8.26795e-18, -5.7094e-18, 1.47796e-18, 4.92491e-17, 1.27099e-17, -1.00216e-17, 0, 0, 0, 0, 0, 0, 0, 2.64147e-18, 3.83312e-17, 1.16053e-17, -2.45247e-17, 2.33821e-17, 5.77769e-18, 2.12903e-17, 1.09125e-17, 0, 0, 0, 0, 0, 0, -1.47948e-17, -1.71637e-17, -3.00713e-17, 7.37326e-18, 3.90084e-17, -1.1521e-17, -2.71291e-17, 1.47812e-17, -2.91747e-18, 0, 0, 0, 0, 0, 1.05303e-17, -1.60199e-17, -2.61876e-17, -3.1659e-17, -9.48262e-18, -2.43952e-17, 2.03548e-17, 4.25866e-18, 5.76326e-19, -2.67523e-17, 0, 0, 0, 0, 6.69208e-18, 4.47612e-18, -1.0211e-17, -1.86524e-17, 4.27989e-18, 2.07122e-17, -2.03977e-18, -1.0522e-17, -9.13915e-18, 1.24899e-17, -1.06933e-17, 0, 0, 0, -1.67338e-17, 4.69517e-17, 6.39055e-18, -4.9196e-18, 1.00217e-17, -1.99476e-17, -1.67458e-17, 8.32314e-19, 3.17492e-17, -4.93785e-19, 2.20429e-19, 2.62113e-17, 0, 0, -9.47635e-18, -9.74669e-18, -2.22549e-17, -7.00025e-19, 2.20072e-17, 1.78025e-17, 2.24412e-17, 4.68332e-18, 1.16951e-17, 5.72326e-18, -3.00582e-17, -1.00329e-17, -7.77983e-18
0 0
z-axis analysis
Staring the gsl 1D root finder at thetap = 0.0.
Starting the gsl multidimensional root finder.
Staring the gsl 1D root finder at thetap = 0.0.
Solution found with : THETA[0] = -0.0169723
                     thetap[0] = 97.0455
                       phip[0] = -37.9006
1.07055788742904 0.00172603381324235
1.10129617969854 0.00898791963616025
1.02626449957019 0.0169559756366195
1.05321882307806 0.00731454884038169
L2 Norm of Divergence = 7.67434416611e-15
L2 Norm of Vorticity = 1.35877162341e-09
Surface Average S_{ij}S^{ij} = 0.0331990033532
(Integral SS dA)/A 0.00481987966614
L2 Norm of f_L= 0.0012394574006
L2 Norm of f_lam= 0.0616014844638
L2 Norm of xi*Grad(L) = 0.00199480100293

90 0
x-axis analysis
Starting the gsl multidimensional root finder.
