MPI starting on 1 processors at Wed Jan 30 08:50:08 2013
Processor Names = Watson
RunDirectory is /home/hohejd8/SpEC/AppKillSpin/Executables/8.5.2
Compiled at Watson:/home/hohejd8/SpEC
Code Revision a74c5e629474ee1320f04c29605b64fcb979cc61 (InitialCommit-20769-ga74c5e6)
Linked on Tue Jan 29 15:57:32 EST 2013
Executed ApplyObservers: /home/hohejd8/SpEC/Support/ApplyObservers/Executables/ApplyObservers -t ConformalFactor,Shift,LapseTimesConformalFactor -r Scalar,1,Scalar -NoDomainHistory ApplyObservers.input

AdmIntegralS2 constructor
symmetry axis guess : 0 0
Starting the gsl 1D root finder at thetap = 0.0.
Converged
f0 = -1.79514e-16 fp = -1.49787e-12 fm = -1.47009e-11
Solution found with : THETA[0] = -3.112e-06
                     thetap[0] = 0
                       phip[0] = 0
L2 Norm of Divergence = 3.06745361293e-15
L2 Norm of Vorticity = 5.196848292e-08
Integral S_{ij}S^{ij} dA 0.000145589788178
L2 Norm of f_L= 8.50585964032e-11
L2 Norm of f_lam= 6.4485436809e-06
L2 Norm of xi*Grad(L) = 4.01893621832e-07
Scale factor:       RMS deviation:
AKVsolver.cpp (line 642; OptimizeScaleFactor)temporary edit to get optimization working
Equator 
1.00213053082433 1.30091493144137e-07
IP1 
1.00209725148207 8.44788090922226e-06
IP2 
1.00069365478071 0.000361139634381473
IP3 
1.00138779071838 0.000186595368991556
1.00213091874308 8.65996005574598e-08

symmetry axis guess : 90 180
Starting the gsl multidimensional root finder.
iter = 1 x = -1.2301934e-06   1.570803  2.9876072 f(x) = -3.5805517e-11 3.2131715e-09 4.1378746e-07
iter = 2 x = -1.1964242e-06  1.5707926  2.9618534 f(x) = 2.8845206e-11 -5.0502728e-10 -2.1562875e-09
iter = 3 x = -1.1968063e-06  1.5707974  2.9619808 f(x) = -6.7333906e-13 4.0964365e-13 4.8327977e-14
Solution found with : THETA[1] = -1.1968063e-06
                     thetap[1] = 90.000059
                       phip[1] = 169.709
L2 Norm of Divergence = 1.27518290566e-14
L2 Norm of Vorticity = 3.56481526583e-08
Integral S_{ij}S^{ij} dA 5.61658412857e-05
L2 Norm of f_L= 2.96869750793e-11
L2 Norm of f_lam= 2.50107355598e-06
L2 Norm of xi*Grad(L) = 1.59037934181e-07
Scale factor:       RMS deviation:
AKVsolver.cpp (line 642; OptimizeScaleFactor)temporary edit to get optimization working
Equator 
0.997454028315041 5.36777043171839e-08
IP1 
0.997429408184989 6.24341594300176e-06
IP2 
0.999131198068539 0.00042204308163712
IP3 
0.998263150953874 0.000203765696898474
0.99745417450326 3.91044029222055e-08

symmetry axis guess : 90 -100.291003878644
Starting the gsl multidimensional root finder.
iter = 1 x = -8.1001959e-06  1.5707944 -1.7503592 f(x) = -5.2174211e-11 -9.0209892e-10 -1.6379078e-10
iter = 2 x = -8.1001959e-06  1.5707976 -1.7504167 f(x) = -4.8853684e-14 -1.8753697e-14 -5.3034866e-14
Solution found with : THETA[2] = -8.1001959e-06
                     thetap[2] = 90.00007
                       phip[2] = -100.29149
<v_0|v_0> = 46.783338
-THETA_0 <v_0|v_0> = 0.0003789542
<v_1|v_1> = 46.929774
<v_0|v_1> = -4.8639878e-05
-THETA_1 <v_1|v_1> = 0.00038014036
<v_2|v_2> = 46.839332
<v_0|v_2> = -5.7703349e-05
<v_1|v_2> = 6.8381864e-07
-THETA_2 <v_2|v_2> = 0.00037940776
L2 Norm of Divergence = 1.16171126932e-14
L2 Norm of Vorticity = 3.00897263435e-08
Integral S_{ij}S^{ij} dA 0.000379407761342
L2 Norm of f_L= 2.45404917492e-10
L2 Norm of f_lam= 1.62921553435e-05
L2 Norm of xi*Grad(L) = 1.04302471939e-06
Scale factor:       RMS deviation:
AKVsolver.cpp (line 642; OptimizeScaleFactor)temporary edit to get optimization working
Equator 
1.00033678539617 3.53280888102672e-07
IP1 
1.00033842342087 2.92432392940292e-07
IP2 
1.00009534283691 6.09574617501703e-05
IP3 
1.00019069476408 3.6980940847779e-05
1.00033779601106 2.45977507864065e-07



spin (0.267691336480589,0.266369834698311,0)
    0.267691336480588959    0.266369834698311325
