MPI starting on 1 processors at Thu Jan 31 09:38:21 2013
Processor Names = Watson
RunDirectory is /home/hohejd8/SpEC/AppKillSpin/Tests
Compiled at Watson:/home/hohejd8/SpEC
Code Revision a74c5e629474ee1320f04c29605b64fcb979cc61 (InitialCommit-20769-ga74c5e6)
Linked on Wed Jan 30 15:43:24 EST 2013
Executed ApplyObservers: /home/hohejd8/SpEC/Support/ApplyObservers/Executables/ApplyObservers -UseTimes=0 ApplyObservers.input

symmetry axis guess : 0 0
Starting the gsl 1D root finder at thetap = 0.0.
Converged
f0 = 6.32243e-31 fp = 1.92294e-19 fm = -6.72866e-20
Solution found with : THETA[0] = -3.51796e-16
                     thetap[0] = 0
                       phip[0] = 0
AKVsolver.cpp (line 797; AKVInnerProduct) AKVInnerProduct w/o Ricci
L2 Norm of Divergence = 1.77294320262e-15
L2 Norm of Vorticity = 2.03274340501e-14
Integral S_{ij}S^{ij} dA 1.17654843357e-14
L2 Norm of f_L= 1.32994134772e-29
L2 Norm of f_lam= 2.9966346968e-28
L2 Norm of xi*Grad(L) = 1.15534135759e-32
Scale factor:       RMS deviation:
ComputeAKV.cpp (line 257; RecomputeData) Introduce IP4, IP5, IP6
AKVsolver.cpp (line 797; AKVInnerProduct) AKVInnerProduct w/o Ricci
AKVsolver.cpp (line 797; AKVInnerProduct) AKVInnerProduct w/o Ricci
AKVsolver.cpp (line 642; OptimizeScaleFactor)temporary edit to get optimization working
Equator 
1.00000000000006 2.17517261879382e-14
IP1 
1 2.17517261879382e-14
IP2 
1 2.17517261879382e-14
IP3 
1 2.17517261879382e-14
IP4 
0.277555756156289 0.944629840390588
IP5 
0.86316745750311 0.0575309972378108
IP6 
0.745058059692382 0.124182023916109
Optimize
0.999999999999847 2.17517261879382e-14

symmetry axis guess : 90 180
Starting the gsl multidimensional root finder.
iter = 1 x = 3.4690755e-16  1.5707964   3.141593 f(x) = 5.2409732e-18 1.1278648e-16 -4.1794543e-16
Solution found with : THETA[1] = 3.4690755e-16
                     thetap[1] = 90.000003
                       phip[1] = -179.99998
AKVsolver.cpp (line 797; AKVInnerProduct) AKVInnerProduct w/o Ricci
AKVsolver.cpp (line 797; AKVInnerProduct) AKVInnerProduct w/o Ricci
L2 Norm of Divergence = 8.3896921529e-15
L2 Norm of Vorticity = 8.18534290133e-14
Integral S_{ij}S^{ij} dA -3.48468150076e-15
L2 Norm of f_L= 4.90069003529e-28
L2 Norm of f_lam= 1.39095971892e-26
L2 Norm of xi*Grad(L) = 1.97326878214e-29
Scale factor:       RMS deviation:
ComputeAKV.cpp (line 257; RecomputeData) Introduce IP4, IP5, IP6
AKVsolver.cpp (line 797; AKVInnerProduct) AKVInnerProduct w/o Ricci
AKVsolver.cpp (line 797; AKVInnerProduct) AKVInnerProduct w/o Ricci
AKVsolver.cpp (line 642; OptimizeScaleFactor)temporary edit to get optimization working
Equator 
1.00000000000006 2.17517261879382e-14
IP1 
1 2.17517261879382e-14
IP2 
1 2.17517261879382e-14
IP3 
1 2.17517261879382e-14
IP4 
0.277555756156289 0.944629840390588
IP5 
0.86316745750311 0.0575309972378108
IP6 
0.745058059692383 0.124182023916109
Optimize
0.999999999999847 2.17517261879382e-14

symmetry axis guess : 90 -89.9999798677992
Starting the gsl multidimensional root finder.
iter = 1 x = -4.7381817e-18  1.5707963  -1.570796 f(x) = -2.0304818e-17 3.7175558e-16 -2.3232784e-17
Solution found with : THETA[2] = -4.7381817e-18
                     thetap[2] = 89.999998
                       phip[2] = -89.99998
AKVsolver.cpp (line 797; AKVInnerProduct) AKVInnerProduct w/o Ricci
AKVsolver.cpp (line 797; AKVInnerProduct) AKVInnerProduct w/o Ricci
AKVsolver.cpp (line 797; AKVInnerProduct) AKVInnerProduct w/o Ricci
<v_0|v_0> = 30.183414
-THETA_0 <v_0|v_0> = 1.430145e-16
<v_1|v_1> = 30.183414
<v_0|v_1> = -1.6888839e-06
-THETA_1 <v_1|v_1> = 1.430145e-16
<v_2|v_2> = 30.183414
<v_0|v_2> = 9.5402808e-07
<v_1|v_2> = 2.449774e-07
-THETA_2 <v_2|v_2> = 1.430145e-16
L2 Norm of Divergence = 6.71501608525e-15
L2 Norm of Vorticity = 6.65402174765e-14
Integral S_{ij}S^{ij} dA -1.45436800916e-15
L2 Norm of f_L= 4.20764110335e-28
L2 Norm of f_lam= 1.43960907345e-26
L2 Norm of xi*Grad(L) = 1.99261497371e-29
Scale factor:       RMS deviation:
ComputeAKV.cpp (line 257; RecomputeData) Introduce IP4, IP5, IP6
AKVsolver.cpp (line 797; AKVInnerProduct) AKVInnerProduct w/o Ricci
AKVsolver.cpp (line 797; AKVInnerProduct) AKVInnerProduct w/o Ricci
AKVsolver.cpp (line 642; OptimizeScaleFactor)temporary edit to get optimization working
Equator 
1.00000000000006 2.17517261879382e-14
IP1 
1 2.17517261879382e-14
IP2 
1 2.17517261879382e-14
IP3 
1 2.17517261879382e-14
IP4 
0.277555756156289 0.944629840390588
IP5 
0.86316745750311 0.0575309972378108
IP6 
0.745058059692383 0.124182023916109
Optimize
0.999999999999847 2.17517261879382e-14



