Z AXISYMMETRY
symmetry axis guess : 0 0
z-axis analysis
Starting the gsl 1D root finder at thetap = 0.0.
Solution found with : THETA[0] = -7.76879e-16
                     thetap[0] = 0
                       phip[0] = 0
L2 Norm of Divergence = 1.34603504113e-15
L2 Norm of Vorticity = 1.44283065047e-14
Surface Average S_{ij}S^{ij} = -4.67054215064e-16
area : 7.60041566839
(Integral SS dA)/A -4.64505195301e-16
L2 Norm of f_L= 1.35079728931e-29
L2 Norm of f_lam= 1.82868676985e-28
L2 Norm of xi*Grad(L) = 2.11267364724e-31

TestComputeAKV.cpp (line 238; main)
value of IP : 2.68828161652
0.998750418345247 1.8817747788032e-14
0.998750418345224 1.8817747788032e-14
0.609905597118847 0.231257074876169
0.371984837396898 0.611168875132412

symmetry axis guess : 90 180
x-axis analysis
Starting the gsl multidimensional root finder.
Solution found with : THETA[1] = -1.30012992415546e-06
                     thetap[1] = 89.9999751307338
                       phip[1] = -179.999999970441
L2 Norm of Divergence = 7.90143929895e-15
L2 Norm of Vorticity = 6.6287389059e-14
Surface Average S_{ij}S^{ij} = 2.32812812446e-06
area : 7.60041566839
(Integral SS dA)/A 2.32743386118e-06
L2 Norm of f_L= 7.58845305579e-12
L2 Norm of f_lam= 2.59545479544e-06
L2 Norm of xi*Grad(L) = 1.64482241651e-07

TestComputeAKV.cpp (line 238; main)
value of IP : 2.68659948092
1.00062458445578 7.95085715525063e-08
1.000626741625 7.24678655111722e-07
0.610096504506752 0.232185577179486
0.372217744811357 0.61238602381306

symmetry axis guess : 90 -89.9999999704409
y-axis analysis
Starting the gsl multidimensional root finder.
Solution found with : THETA[2] = -1.30012993740784e-06
                     thetap[2] = 89.9999969274767
                       phip[2] = -90.0000000281435
L2 Norm of Divergence = 7.43544673454e-15
L2 Norm of Vorticity = 6.94288785157e-14
Surface Average S_{ij}S^{ij} = 2.32812812412e-06
area : 7.60041566839
(Integral SS dA)/A 2.32743386083e-06
L2 Norm of f_L= 7.58845305471e-12
L2 Norm of f_lam= 2.59545479544e-06
L2 Norm of xi*Grad(L) = 1.64482241651e-07

TestComputeAKV.cpp (line 238; main)
value of IP : 2.68659948092
1.00062458445576 7.95085775106191e-08
1.000626741625 7.24678652207427e-07
0.610096504506752 0.232185577179483
0.372217744811357 0.612386023813066

z-z inner product = 22.4743699628517
x-x inner product = 22.5305774637926
y-y inner product = 22.5305774637917
z-x inner product : 9.77331865673699e-06
x-y inner product : 2.26910734095465e-08
y-z inner product : 1.20746423812712e-06


