MPI starting on 1 processors at Tue Apr  9 13:54:30 2013
Processor Names = Watson
RunDirectory is /home/hohejd8/SpEC/AppKillSpin/Tests
Compiled at Watson:/home/hohejd8/SpEC
Code Revision a74c5e629474ee1320f04c29605b64fcb979cc61 (InitialCommit-20769-ga74c5e6)
Linked on Tue Apr  9 13:08:39 EDT 2013
Executed ApplyObservers: /home/hohejd8/SpEC/Support/ApplyObservers/Executables/ApplyObservers -UseTimes=0 ApplyObservers.input

With Ricci scaling = 1
symmetry axis guess : 0 0
Beginning of loop.  Axis initial guess: 0, 0
Starting the gsl 1D root finder at (thetap, phip) = (0, 0).
Converged
f0 = -1.26396e-16 fp = 0 fm = 0
Solution found with : THETA[0] = -1.11159e-16
                     thetap[0] = 0
                       phip[0] = 0
L2 Norm of Divergence = 2.12896102183e-15
L2 Norm of Vorticity = 8.34890554642e-14
Integral S_{ij}S^{ij} dA -1.14149490436e-14
L2 Norm of f_L= 5.87936455058e-28
L2 Norm of f_lam= 2.60124311989e-27
L2 Norm of xi*Grad(L) = 5.33571926112e-32
ComputeAKV.cpp (line 329; RecomputeData) Using natural antipodes in Mobius transform
minPoint: (0,0)
maxPoint: (3.14159265359,0)
eqPoint:  (0,0)
AKVsolver.cpp (line 687; MobiusTransformPoints)
z[0] = (0,0); z[1] = (1.63317787284e+16,0); z[2] = (1,0)
Scale factor:       RMS deviation:
AKVsolver.cpp (line 1331; AKVInnerProduct) AKVInnerProduct w/o Ricci
AKVsolver.cpp (line 1331; AKVInnerProduct) AKVInnerProduct w/o Ricci
IP1 Rotated
0.998750418345224 1.8817747788032e-14
IP1 Transformed
0.998750418345224 1.8817747788032e-14
IP2 Rotated
0.999582604031622 0.000301983267493791
IP2 Transformed
0.999582604031622 0.000301983267494506
IP3 Rotated
0.999165382282639 0.000150644855399799
IP3 Transformed
0.999165382282639 0.000150644855402255
IP4 Rotated
0.276516481377791 0.947410508129091
IP4 Transformed
0.276516481377791 0.947410508129092
IP5 Rotated
0.86199885016167 0.0575449154706535
IP5 Transformed
0.86199885016167 0.0575449154706535
IP6 Rotated
0.743042017680041 0.124828269701784
IP6 Transformed
0.743042017680041 0.124828269701784
InnerProducts
0.998750418345224 1.8817747788032e-14

symmetry axis guess : 90 180
Beginning of loop.  Axis initial guess: 90, 180
Starting the gsl multidimensional root finder.
iter = 0 x =          0  1.5707963  3.1415927 f(x) = 4.6316657e-18 -3.0025202e-06 4.059861e-16
iter = 1 x = -1.3001299e-06  1.5707971  3.1415927 f(x) = 3.1108799e-12 -2.0601167e-15 3.8165974e-16
Solution found with : THETA[1] = -1.3001299e-06
                     thetap[1] = 90.000042
                       phip[1] = 180
L2 Norm of Divergence = 1.0136190698e-14
L2 Norm of Vorticity = 1.92984628057e-13
Integral S_{ij}S^{ij} dA 2.92561208097e-05
L2 Norm of f_L= 7.5884530524e-12
L2 Norm of f_lam= 2.59545479544e-06
L2 Norm of xi*Grad(L) = 1.64482241651e-07
ComputeAKV.cpp (line 329; RecomputeData) Using natural antipodes in Mobius transform
minPoint: (1.57079705942,3.14159265347)
maxPoint: (1.57079559417,-1.1582335091e-10)
eqPoint:  (0,0)
AKVsolver.cpp (line 694; MobiusTransformPoints)
cx = 0 cy = 1.22460635378e-16 cz = 1.22460635382e-16
z[0] = (-1.00000073263,1.15823558226e-10); z[1] = (0.999999267372,-1.15823266055e-10); z[2] = (-3.66314213296e-07,4.24279920643e-17)
Scale factor:       RMS deviation:
AKVsolver.cpp (line 1331; AKVInnerProduct) AKVInnerProduct w/o Ricci
AKVsolver.cpp (line 1331; AKVInnerProduct) AKVInnerProduct w/o Ricci
IP1 Rotated
1.000626741625 7.24678654697116e-07
IP1 Transformed
1.000626741625 7.24678655373429e-07
IP2 Rotated
1.00020837220492 0.000150999745558608
IP2 Transformed
1.00020837220492 0.000150999745557753
IP3 Rotated
1.00041678782881 7.54015672745254e-05
IP3 Transformed
1.00041678782881 7.5401567276367e-05
IP4 Rotated
0.277208632863905 0.946591838568086
IP4 Transformed
0.277208632863905 0.946591838568095
IP5 Rotated
0.863077015355619 0.0578076363318642
IP5 Transformed
0.863077015355619 0.0578076363318665
IP6 Rotated
0.744901934435164 0.124523609102476
IP6 Transformed
0.744901934435164 0.124523609102477
InnerProducts
1.000626741625 7.24678654697116e-07

symmetry axis guess : 90 -90.0000000066362
Beginning of loop.  Axis initial guess: 90, -90.0000000066362
Starting the gsl multidimensional root finder.
iter = 0 x =          0  1.5707963 -1.5707963 f(x) = 7.5832574e-18 -7.4795288e-16 3.0025202e-06
iter = 1 x = -1.3001299e-06  1.5707998 -1.5707963 f(x) = 1.482732e-11 -3.9830242e-16 -1.9254759e-15
Solution found with : THETA[2] = -1.3001299e-06
                     thetap[2] = 90.0002
                       phip[2] = -90
<v_0|v_0> = 22.530643
-THETA_0 <v_0|v_0> = 2.504491e-15
<v_1|v_1> = 22.502459
<v_0|v_1> = -1.6485963e-05
-THETA_1 <v_1|v_1> = 2.9256121e-05
<v_2|v_2> = 22.502459
<v_0|v_2> = -7.8576225e-05
<v_1|v_2> = 1.700011e-08
-THETA_2 <v_2|v_2> = 2.9256121e-05
L2 Norm of Divergence = 9.08274417505e-15
L2 Norm of Vorticity = 1.84658722017e-13
Integral S_{ij}S^{ij} dA 2.92561208155e-05
L2 Norm of f_L= 7.58845305412e-12
L2 Norm of f_lam= 2.59545479541e-06
L2 Norm of xi*Grad(L) = 1.64482241657e-07
ComputeAKV.cpp (line 329; RecomputeData) Using natural antipodes in Mobius transform
minPoint: (1.57079981869,-1.57079632766)
maxPoint: (1.5707928349,-4.71238898125)
eqPoint:  (0,0)
AKVsolver.cpp (line 694; MobiusTransformPoints)
cx = 9.95839695399e-17 cy = 0 cz = 1.22460635382e-16
z[0] = (-8.68269984511e-10,-1.0000034919); z[1] = (8.68264020308e-10,0.999996508116); z[2] = (-1.51594674474e-15,-1.74594521463e-06)
Scale factor:       RMS deviation:
AKVsolver.cpp (line 1331; AKVInnerProduct) AKVInnerProduct w/o Ricci
AKVsolver.cpp (line 1331; AKVInnerProduct) AKVInnerProduct w/o Ricci
IP1 Rotated
1.00062674162498 7.24678655565272e-07
IP1 Transformed
1.00062674162498 7.24678653460583e-07
IP2 Rotated
1.00020837220491 0.000150999745549932
IP2 Transformed
1.00020837220491 0.000150999745552905
IP3 Rotated
1.0004167878288 7.54015672736034e-05
IP3 Transformed
1.0004167878288 7.54015672716531e-05
IP4 Rotated
0.277208632863897 0.946591838568084
IP4 Transformed
0.277208632863897 0.94659183856809
IP5 Rotated
0.863077015355606 0.057807636331861
IP5 Transformed
0.863077015355606 0.057807636331861
IP6 Rotated
0.744901934435142 0.124523609102479
IP6 Transformed
0.744901934435142 0.124523609102479
InnerProducts
1.00062674162498 7.24678655565272e-07



