MPI starting on 1 processors at Wed Feb 13 09:32:07 2013
Processor Names = Watson
RunDirectory is /home/hohejd8/SpEC/AppKillSpin/Tests
Compiled at Watson:/home/hohejd8/SpEC
Code Revision a74c5e629474ee1320f04c29605b64fcb979cc61 (InitialCommit-20769-ga74c5e6)
Linked on Wed Feb 13 09:29:45 EST 2013
Executed ApplyObservers: /home/hohejd8/SpEC/Support/ApplyObservers/Executables/ApplyObservers -UseTimes=0 ApplyObservers.input

symmetry axis guess : 0 0
Starting the gsl 1D root finder at thetap = 0.0.
Converged
f0 = 8.80246e-16 fp = -1.13687e-17 fm = 3.97808e-18
Solution found with : THETA[0] = -1.69725e-11
                     thetap[0] = 0
                       phip[0] = 0
L2 Norm of Divergence = 1.60879016764e-15
L2 Norm of Vorticity = 8.69842750458e-07
Integral S_{ij}S^{ij} dA -2.19253909351e-12
L2 Norm of f_L= 7.90863883712e-11
L2 Norm of f_lam= 4.22972322347e-28
L2 Norm of xi*Grad(L) = 1.26338535976e-31
Scale factor:       RMS deviation:
ComputeAKV.cpp (line 260; RecomputeData) this is a test bed that can be deleted later
ComputeAKV.cpp (line 264; RecomputeData) artificial scaling of rotated_v by 0.9
IP1 
0.961328204041023 1.98458449085836e-08
IP1 artificial scale
1.18682494326052 0.0676898705519827
IP2 
0.968979946033727 0.00281329556074318
IP3 
0.938922135815524 0.00850170939748538
InnerProducts
0.961328204041023 1.98458449085836e-08

symmetry axis guess : 90 180
Starting the gsl multidimensional root finder.
iter = 1 x = -0.014307298  1.5965632  3.1415927 f(x) = 0.0012496919 2.5421974e-06 1.1465283e-15
iter = 2 x = -0.014307298  1.5628521  3.1415927 f(x) = -0.00038533351 2.5429615e-06 1.7688915e-15
iter = 3 x = -0.014306188  1.5707974  3.1415927 f(x) = 5.2358594e-08 -8.7943546e-11 -3.9251507e-16
iter = 4 x = -0.014306188  1.5707963  3.1415927 f(x) = 5.832757e-12 -2.4655733e-14 -3.705055e-16
Solution found with : THETA[1] = -0.014306188
                     thetap[1] = 90
                       phip[1] = 180
L2 Norm of Divergence = 9.40822584516e-15
L2 Norm of Vorticity = 4.83131333555e-08
Integral S_{ij}S^{ij} dA 0.326901523621
L2 Norm of f_L= 0.00974702699026
L2 Norm of f_lam= 0.315522362642
L2 Norm of xi*Grad(L) = 0.00480160095497
Scale factor:       RMS deviation:
ComputeAKV.cpp (line 260; RecomputeData) this is a test bed that can be deleted later
ComputeAKV.cpp (line 264; RecomputeData) artificial scaling of rotated_v by 0.9
IP1 
##> Theta diff: -0.00482634
Iterations: 1000000
