MPI starting on 1 processors at Tue Feb 12 16:00:49 2013
Processor Names = Watson
RunDirectory is /home/hohejd8/SpEC/AppKillSpin/Tests
Compiled at Watson:/home/hohejd8/SpEC
Code Revision a74c5e629474ee1320f04c29605b64fcb979cc61 (InitialCommit-20769-ga74c5e6)
Linked on Tue Feb 12 15:59:13 EST 2013
Executed ApplyObservers: /home/hohejd8/SpEC/Support/ApplyObservers/Executables/ApplyObservers -UseTimes=0 ApplyObservers.input

symmetry axis guess : 0 0
Starting the gsl 1D root finder at thetap = 0.0.
Converged
f0 = -1.73203e-16 fp = 3.37012e-17 fm = -1.17926e-17
Solution found with : THETA[0] = 1.17456e-11
                     thetap[0] = 0
                       phip[0] = 0
L2 Norm of Divergence = 1.87428984239e-15
L2 Norm of Vorticity = 7.5351786094e-07
Integral S_{ij}S^{ij} dA 5.03597666713e-12
L2 Norm of f_L= 4.62854855012e-10
L2 Norm of f_lam= 4.07169714423e-28
L2 Norm of xi*Grad(L) = 2.43609613921e-31
Scale factor:       RMS deviation:
ComputeAKV.cpp (line 260; RecomputeData) this is a test bed that can be deleted later
ComputeAKV.cpp (line 264; RecomputeData) artificial scaling of rotated_v by 0.9
IP1 
AKVsolver.cpp (line 610; NormalizeAKVAtOnePoint) {xi[0]}_{1,0}  = -3.55319087256e-32
AKVsolver.cpp (line 611; NormalizeAKVAtOnePoint) {xi[0]}_{1,1}  = -3.05352880275e-18
AKVsolver.cpp (line 612; NormalizeAKVAtOnePoint) {xi[0]}_{1,-1}  = -7.26479463033e-17
AKVsolver.cpp (line 613; NormalizeAKVAtOnePoint) {xi[1]}_{1,0}  = 0.00520172534843
AKVsolver.cpp (line 614; NormalizeAKVAtOnePoint) {xi[1]}_{1,1}  = 5.60099612443e-16
AKVsolver.cpp (line 615; NormalizeAKVAtOnePoint) {xi[1]}_{1,-1}  = 1.28805496652e-16
0.96212057022531 5.3824011091705e-08

IP1 artificial scale
AKVsolver.cpp (line 610; NormalizeAKVAtOnePoint) {xi[0]}_{1,0}  = 5.65078063381332e-32
AKVsolver.cpp (line 611; NormalizeAKVAtOnePoint) {xi[0]}_{1,1}  = 4.01277751181966e-17
AKVsolver.cpp (line 612; NormalizeAKVAtOnePoint) {xi[0]}_{1,-1}  = -2.67047190404451e-17
AKVsolver.cpp (line 613; NormalizeAKVAtOnePoint) {xi[1]}_{1,0}  = 0.00642188314621366
AKVsolver.cpp (line 614; NormalizeAKVAtOnePoint) {xi[1]}_{1,1}  = 8.69429436182054e-16
AKVsolver.cpp (line 615; NormalizeAKVAtOnePoint) {xi[1]}_{1,-1}  = -4.02433770916175e-16
1.18780317311767 0.0677840438339408

IP2 
AKVsolver.cpp (line 610; NormalizeAKVAtOnePoint) {xi[0]}_{1,0}  = 4.60183973755983e-32
AKVsolver.cpp (line 611; NormalizeAKVAtOnePoint) {xi[0]}_{1,1}  = 2.31967929482977e-17
AKVsolver.cpp (line 612; NormalizeAKVAtOnePoint) {xi[0]}_{1,-1}  = 1.69499887490049e-18
AKVsolver.cpp (line 613; NormalizeAKVAtOnePoint) {xi[1]}_{1,0}  = 0.00530357972165976
AKVsolver.cpp (line 614; NormalizeAKVAtOnePoint) {xi[1]}_{1,1}  = 6.10265689224917e-16
AKVsolver.cpp (line 615; NormalizeAKVAtOnePoint) {xi[1]}_{1,-1}  = 3.89967478772937e-16


