1.00062458445602 7.95085063328862e-08
1.000626741625 7.24678660959576e-07
1.00020837220492 0.000150999745572404
1.00041678782881 7.54015672865034e-05
