0.998750418345974 1.8806519909297e-14
0.998750418345224 1.8806519909297e-14
0.999582604031623 0.000301983267228458
0.99916538228264 0.000150644855534215
