1.00062458445611 7.95085034783549e-08
1.000626741625 7.24678645821661e-07
1.00020837220492 0.00015099974557538
1.00041678782881 7.54015672730862e-05
