Z AXISYMMETRY
0 0
z-axis analysis
Staring the gsl 1D root finder at thetap = 0.0.
Solution found with : THETA[0] = -7.76879e-16
                     thetap[0] = 0
                       phip[0] = 0
0.998750418345247 1.8817747788032e-14
0.998750418345224 1.8817747788032e-14
0.999582604031623 0.000301983267492363
0.99916538228264 0.000150644855402255
L2 Norm of Divergence = 1.3999019364e-15
L2 Norm of Vorticity = 1.616126843e-14
Surface Average S_{ij}S^{ij} = 1.70832467046e-16
Surface area 12.5663706144
L2 Norm of f_L= 1.89570994584e-29
L2 Norm of f_lam= 1.82412776342e-28
L2 Norm of xi*Grad(L) = 1.97199362441e-31

90 0
x-axis analysis
Starting the gsl multidimensional root finder.
Solution found with : THETA[1] = -1.30012993799e-06
                     thetap[1] = 89.9999998197
                       phip[1] = -2.73502631688e-09
1.00062458445572 7.95085873900289e-08
1.000626741625 7.24678654565462e-07
1.00020837220492 0.00015099974555793
1.00041678782881 7.54015672744722e-05
L2 Norm of Divergence = 6.67356451204e-15
L2 Norm of Vorticity = 7.4599333677e-14
Surface Average S_{ij}S^{ij} = 2.33103725814e-06
Surface area 12.5663706144
L2 Norm of f_L= 7.5979352751e-12
L2 Norm of f_lam= 2.59869796938e-06
L2 Norm of xi*Grad(L) = 1.6489355901e-07

90 90
y-axis analysis
Starting the gsl multidimensional root finder.
Solution found with : THETA[2] = -1.30012994871e-06
                     thetap[2] = 89.9999568951
                       phip[2] = 90.0000000427
1.00062458445581 7.95085624818831e-08
1.000626741625 7.24678655742487e-07
1.00020837220492 0.000150999745556412
1.00041678782881 7.54015672761e-05
L2 Norm of Divergence = 6.82287171738e-15
L2 Norm of Vorticity = 5.63677590645e-14
Surface Average S_{ij}S^{ij} = 2.33103725825e-06
Surface area 12.5663706144
L2 Norm of f_L= 7.59793527494e-12
L2 Norm of f_lam= 2.59869796938e-06
L2 Norm of xi*Grad(L) = 1.6489355901e-07

z-z inner product = 44.9487399257
x-x inner product = 56.67103223
y-y inner product = 56.67103223
z-x inner product : 
1.41692258319e-07
z-y inner product : 
3.38793745888e-05
x-y inner product : 
-1.37144848744e-06


